[INFO] Scanning for projects...
[INFO] 
[INFO] -------------< com.pvtd.students:student-results-manager >--------------
[INFO] Building student-results-manager 1.0-SNAPSHOT
[INFO]   from pom.xml
[INFO] --------------------------------[ jar ]---------------------------------
[INFO] 
[INFO] --- clean:3.2.0:clean (default-clean) @ student-results-manager ---
[INFO] Deleting C:\Users\seifd\OneDrive\Desktop\Java Project\target
[INFO] 
[INFO] --- resources:3.3.1:resources (default-resources) @ student-results-manager ---
[INFO] Copying 9 resources from src\main\resources to target\classes
[INFO] 
[INFO] --- compiler:3.10.1:compile (default-compile) @ student-results-manager ---
[INFO] Changes detected - recompiling the module!
[INFO] Compiling 37 source files to C:\Users\seifd\OneDrive\Desktop\Java Project\target\classes
[INFO] -------------------------------------------------------------
[ERROR] COMPILATION ERROR : 
[INFO] -------------------------------------------------------------
[ERROR] /C:/Users/seifd/OneDrive/Desktop/Java Project/src/main/java/com/pvtd/students/ui/pages/ImportPage.java:[106,9] cannot find symbol
  symbol:   variable statusLabel
  location: class com.pvtd.students.ui.pages.ImportPage
[ERROR] /C:/Users/seifd/OneDrive/Desktop/Java Project/src/main/java/com/pvtd/students/ui/pages/ImportPage.java:[107,9] cannot find symbol
  symbol:   variable statusLabel
  location: class com.pvtd.students.ui.pages.ImportPage
[ERROR] /C:/Users/seifd/OneDrive/Desktop/Java Project/src/main/java/com/pvtd/students/ui/pages/ImportPage.java:[108,9] cannot find symbol
  symbol:   variable statusLabel
  location: class com.pvtd.students.ui.pages.ImportPage
[ERROR] /C:/Users/seifd/OneDrive/Desktop/Java Project/src/main/java/com/pvtd/students/ui/pages/ImportPage.java:[110,9] cannot find symbol
  symbol:   variable progressBar
  location: class com.pvtd.students.ui.pages.ImportPage
[ERROR] /C:/Users/seifd/OneDrive/Desktop/Java Project/src/main/java/com/pvtd/students/ui/pages/ImportPage.java:[111,9] cannot find symbol
  symbol:   variable progressBar
  location: class com.pvtd.students.ui.pages.ImportPage
[ERROR] /C:/Users/seifd/OneDrive/Desktop/Java Project/src/main/java/com/pvtd/students/ui/pages/ImportPage.java:[112,9] cannot find symbol
  symbol:   variable progressBar
  location: class com.pvtd.students.ui.pages.ImportPage
[ERROR] /C:/Users/seifd/OneDrive/Desktop/Java Project/src/main/java/com/pvtd/students/ui/pages/ImportPage.java:[113,9] cannot find symbol
  symbol:   variable progressBar
  location: class com.pvtd.students.ui.pages.ImportPage
[ERROR] /C:/Users/seifd/OneDrive/Desktop/Java Project/src/main/java/com/pvtd/students/ui/pages/ImportPage.java:[115,27] cannot find symbol
  symbol:   variable statusLabel
  location: class com.pvtd.students.ui.pages.ImportPage
[ERROR] /C:/Users/seifd/OneDrive/Desktop/Java Project/src/main/java/com/pvtd/students/ui/pages/ImportPage.java:[116,27] cannot find symbol
  symbol:   variable progressBar
  location: class com.pvtd.students.ui.pages.ImportPage
[ERROR] /C:/Users/seifd/OneDrive/Desktop/Java Project/src/main/java/com/pvtd/students/ui/pages/ImportPage.java:[144,13] cannot find symbol
  symbol:   variable progressBar
  location: class com.pvtd.students.ui.pages.ImportPage
[ERROR] /C:/Users/seifd/OneDrive/Desktop/Java Project/src/main/java/com/pvtd/students/ui/pages/ImportPage.java:[145,13] cannot find symbol
  symbol:   variable progressBar
  location: class com.pvtd.students.ui.pages.ImportPage
[ERROR] /C:/Users/seifd/OneDrive/Desktop/Java Project/src/main/java/com/pvtd/students/ui/pages/ImportPage.java:[146,13] cannot find symbol
  symbol:   variable progressBar
  location: class com.pvtd.students.ui.pages.ImportPage
[ERROR] /C:/Users/seifd/OneDrive/Desktop/Java Project/src/main/java/com/pvtd/students/ui/pages/ImportPage.java:[147,13] cannot find symbol
  symbol:   variable statusLabel
  location: class com.pvtd.students.ui.pages.ImportPage
[ERROR] /C:/Users/seifd/OneDrive/Desktop/Java Project/src/main/java/com/pvtd/students/ui/pages/ImportPage.java:[164,25] cannot find symbol
  symbol: variable statusLabel
[ERROR] /C:/Users/seifd/OneDrive/Desktop/Java Project/src/main/java/com/pvtd/students/ui/pages/ImportPage.java:[171,21] cannot find symbol
  symbol: variable progressBar
[ERROR] /C:/Users/seifd/OneDrive/Desktop/Java Project/src/main/java/com/pvtd/students/ui/pages/ImportPage.java:[176,29] cannot find symbol
  symbol: variable statusLabel
[ERROR] /C:/Users/seifd/OneDrive/Desktop/Java Project/src/main/java/com/pvtd/students/ui/pages/ImportPage.java:[181,29] cannot find symbol
  symbol: variable statusLabel
[ERROR] /C:/Users/seifd/OneDrive/Desktop/Java Project/src/main/java/com/pvtd/students/ui/pages/ImportPage.java:[187,25] cannot find symbol
  symbol: variable statusLabel
[ERROR] /C:/Users/seifd/OneDrive/Desktop/Java Project/src/main/java/com/pvtd/students/ui/pages/ImportPage.java:[194,21] cannot find symbol
  symbol:   variable progressBar
  location: class com.pvtd.students.ui.pages.ImportPage
[INFO] 19 errors 
[INFO] -------------------------------------------------------------
[INFO] ------------------------------------------------------------------------
[INFO] BUILD FAILURE
[INFO] ------------------------------------------------------------------------
[INFO] Total time:  2.818 s
[INFO] Finished at: 2026-03-03T00:53:09+02:00
[INFO] ------------------------------------------------------------------------
[ERROR] Failed to execute goal org.apache.maven.plugins:maven-compiler-plugin:3.10.1:compile (default-compile) on project student-results-manager: Compilation failure: Compilation failure: 
[ERROR] /C:/Users/seifd/OneDrive/Desktop/Java Project/src/main/java/com/pvtd/students/ui/pages/ImportPage.java:[106,9] cannot find symbol
[ERROR]   symbol:   variable statusLabel
[ERROR]   location: class com.pvtd.students.ui.pages.ImportPage
[ERROR] /C:/Users/seifd/OneDrive/Desktop/Java Project/src/main/java/com/pvtd/students/ui/pages/ImportPage.java:[107,9] cannot find symbol
[ERROR]   symbol:   variable statusLabel
[ERROR]   location: class com.pvtd.students.ui.pages.ImportPage
[ERROR] /C:/Users/seifd/OneDrive/Desktop/Java Project/src/main/java/com/pvtd/students/ui/pages/ImportPage.java:[108,9] cannot find symbol
[ERROR]   symbol:   variable statusLabel
[ERROR]   location: class com.pvtd.students.ui.pages.ImportPage
[ERROR] /C:/Users/seifd/OneDrive/Desktop/Java Project/src/main/java/com/pvtd/students/ui/pages/ImportPage.java:[110,9] cannot find symbol
[ERROR]   symbol:   variable progressBar
[ERROR]   location: class com.pvtd.students.ui.pages.ImportPage
[ERROR] /C:/Users/seifd/OneDrive/Desktop/Java Project/src/main/java/com/pvtd/students/ui/pages/ImportPage.java:[111,9] cannot find symbol
[ERROR]   symbol:   variable progressBar
[ERROR]   location: class com.pvtd.students.ui.pages.ImportPage
[ERROR] /C:/Users/seifd/OneDrive/Desktop/Java Project/src/main/java/com/pvtd/students/ui/pages/ImportPage.java:[112,9] cannot find symbol
[ERROR]   symbol:   variable progressBar
[ERROR]   location: class com.pvtd.students.ui.pages.ImportPage
[ERROR] /C:/Users/seifd/OneDrive/Desktop/Java Project/src/main/java/com/pvtd/students/ui/pages/ImportPage.java:[113,9] cannot find symbol
[ERROR]   symbol:   variable progressBar
[ERROR]   location: class com.pvtd.students.ui.pages.ImportPage
[ERROR] /C:/Users/seifd/OneDrive/Desktop/Java Project/src/main/java/com/pvtd/students/ui/pages/ImportPage.java:[115,27] cannot find symbol
[ERROR]   symbol:   variable statusLabel
[ERROR]   location: class com.pvtd.students.ui.pages.ImportPage
[ERROR] /C:/Users/seifd/OneDrive/Desktop/Java Project/src/main/java/com/pvtd/students/ui/pages/ImportPage.java:[116,27] cannot find symbol
[ERROR]   symbol:   variable progressBar
[ERROR]   location: class com.pvtd.students.ui.pages.ImportPage
[ERROR] /C:/Users/seifd/OneDrive/Desktop/Java Project/src/main/java/com/pvtd/students/ui/pages/ImportPage.java:[144,13] cannot find symbol
[ERROR]   symbol:   variable progressBar
[ERROR]   location: class com.pvtd.students.ui.pages.ImportPage
[ERROR] /C:/Users/seifd/OneDrive/Desktop/Java Project/src/main/java/com/pvtd/students/ui/pages/ImportPage.java:[145,13] cannot find symbol
[ERROR]   symbol:   variable progressBar
[ERROR]   location: class com.pvtd.students.ui.pages.ImportPage
[ERROR] /C:/Users/seifd/OneDrive/Desktop/Java Project/src/main/java/com/pvtd/students/ui/pages/ImportPage.java:[146,13] cannot find symbol
[ERROR]   symbol:   variable progressBar
[ERROR]   location: class com.pvtd.students.ui.pages.ImportPage
[ERROR] /C:/Users/seifd/OneDrive/Desktop/Java Project/src/main/java/com/pvtd/students/ui/pages/ImportPage.java:[147,13] cannot find symbol
[ERROR]   symbol:   variable statusLabel
[ERROR]   location: class com.pvtd.students.ui.pages.ImportPage
[ERROR] /C:/Users/seifd/OneDrive/Desktop/Java Project/src/main/java/com/pvtd/students/ui/pages/ImportPage.java:[164,25] cannot find symbol
[ERROR]   symbol: variable statusLabel
[ERROR] /C:/Users/seifd/OneDrive/Desktop/Java Project/src/main/java/com/pvtd/students/ui/pages/ImportPage.java:[171,21] cannot find symbol
[ERROR]   symbol: variable progressBar
[ERROR] /C:/Users/seifd/OneDrive/Desktop/Java Project/src/main/java/com/pvtd/students/ui/pages/ImportPage.java:[176,29] cannot find symbol
[ERROR]   symbol: variable statusLabel
[ERROR] /C:/Users/seifd/OneDrive/Desktop/Java Project/src/main/java/com/pvtd/students/ui/pages/ImportPage.java:[181,29] cannot find symbol
[ERROR]   symbol: variable statusLabel
[ERROR] /C:/Users/seifd/OneDrive/Desktop/Java Project/src/main/java/com/pvtd/students/ui/pages/ImportPage.java:[187,25] cannot find symbol
[ERROR]   symbol: variable statusLabel
[ERROR] /C:/Users/seifd/OneDrive/Desktop/Java Project/src/main/java/com/pvtd/students/ui/pages/ImportPage.java:[194,21] cannot find symbol
[ERROR]   symbol:   variable progressBar
[ERROR]   location: class com.pvtd.students.ui.pages.ImportPage
[ERROR] -> [Help 1]
[ERROR] 
[ERROR] To see the full stack trace of the errors, re-run Maven with the -e switch.
[ERROR] Re-run Maven using the -X switch to enable full debug logging.
[ERROR] 
[ERROR] For more information about the errors and possible solutions, please read the following articles:
[ERROR] [Help 1] http://cwiki.apache.org/confluence/display/MAVEN/MojoFailureException
